pybullet build time: Jan 29 2025 23:19:57
Training dynamics:
----------------------------------------------------------------------------
| loss/dynamics_holdout_loss | 0.02603219 |
| loss/dynamics_train_loss   | -50.1      |
| timestep                   | 1          |
----------------------------------------------------------------------------
-----------------------------------------------------------------------------
| loss/dynamics_holdout_loss | 0.016657552 |
| loss/dynamics_train_loss   | -62.5       |
| timestep                   | 2           |
-----------------------------------------------------------------------------
-----------------------------------------------------------------------------
| loss/dynamics_holdout_loss | 0.011958753 |
| loss/dynamics_train_loss   | -66.4       |
| timestep                   | 3           |
-----------------------------------------------------------------------------
-----------------------------------------------------------------------------
| loss/dynamics_holdout_loss | 0.009633601 |
| loss/dynamics_train_loss   | -68.4       |
| timestep                   | 4           |
-----------------------------------------------------------------------------
-----------------------------------------------------------------------------
| loss/dynamics_holdout_loss | 0.008234292 |
| loss/dynamics_train_loss   | -69.8       |
| timestep                   | 5           |
-----------------------------------------------------------------------------
----------------------------------------------------------------------------
| loss/dynamics_holdout_loss | 0.00716968 |
| loss/dynamics_train_loss   | -70.9      |
| timestep                   | 6          |
----------------------------------------------------------------------------
-----------------------------------------------------------------------------
| loss/dynamics_holdout_loss | 0.006401226 |
| loss/dynamics_train_loss   | -71.8       |
| timestep                   | 7           |
-----------------------------------------------------------------------------
------------------------------------------------------------------------------
| loss/dynamics_holdout_loss | 0.0057148663 |
| loss/dynamics_train_loss   | -72.7        |
| timestep                   | 8            |
------------------------------------------------------------------------------
------------------------------------------------------------------------------
| loss/dynamics_holdout_loss | 0.0049187858 |
| loss/dynamics_train_loss   | -73.4        |
| timestep                   | 9            |
------------------------------------------------------------------------------
-----------------------------------------------------------------------------
| loss/dynamics_holdout_loss | 0.004347583 |
| loss/dynamics_train_loss   | -74.2       |
| timestep                   | 10          |
-----------------------------------------------------------------------------
-----------------------------------------------------------------------------
| loss/dynamics_holdout_loss | 0.003920899 |
| loss/dynamics_train_loss   | -74.8       |
| timestep                   | 11          |
-----------------------------------------------------------------------------
------------------------------------------------------------------------------
| loss/dynamics_holdout_loss | 0.0034362772 |
| loss/dynamics_train_loss   | -75.3        |
| timestep                   | 12           |
------------------------------------------------------------------------------
------------------------------------------------------------------------------
| loss/dynamics_holdout_loss | 0.0030528898 |
| loss/dynamics_train_loss   | -75.9        |
| timestep                   | 13           |
------------------------------------------------------------------------------
------------------------------------------------------------------------------
| loss/dynamics_holdout_loss | 0.0028076388 |
| loss/dynamics_train_loss   | -76.4        |
| timestep                   | 14           |
------------------------------------------------------------------------------
------------------------------------------------------------------------------
| loss/dynamics_holdout_loss | 0.0026754993 |
| loss/dynamics_train_loss   | -76.9        |
| timestep                   | 15           |
------------------------------------------------------------------------------
------------------------------------------------------------------------------
| loss/dynamics_holdout_loss | 0.0024910555 |
| loss/dynamics_train_loss   | -77.5        |
| timestep                   | 16           |
------------------------------------------------------------------------------
