pybullet build time: Jan 29 2025 23:19:57
Training dynamics:
----------------------------------------------------------------------------
| loss/dynamics_holdout_loss | 0.03825266 |
| loss/dynamics_train_loss   | -50.4      |
| timestep                   | 1          |
----------------------------------------------------------------------------
-----------------------------------------------------------------------------
| loss/dynamics_holdout_loss | 0.027651334 |
| loss/dynamics_train_loss   | -62.6       |
| timestep                   | 2           |
-----------------------------------------------------------------------------
-----------------------------------------------------------------------------
| loss/dynamics_holdout_loss | 0.020207163 |
| loss/dynamics_train_loss   | -66.5       |
| timestep                   | 3           |
-----------------------------------------------------------------------------
-----------------------------------------------------------------------------
| loss/dynamics_holdout_loss | 0.016134659 |
| loss/dynamics_train_loss   | -68.4       |
| timestep                   | 4           |
-----------------------------------------------------------------------------
-----------------------------------------------------------------------------
| loss/dynamics_holdout_loss | 0.013809398 |
| loss/dynamics_train_loss   | -69.6       |
| timestep                   | 5           |
-----------------------------------------------------------------------------
-----------------------------------------------------------------------------
| loss/dynamics_holdout_loss | 0.012311879 |
| loss/dynamics_train_loss   | -70.7       |
| timestep                   | 6           |
-----------------------------------------------------------------------------
-----------------------------------------------------------------------------
| loss/dynamics_holdout_loss | 0.011015025 |
| loss/dynamics_train_loss   | -71.7       |
| timestep                   | 7           |
-----------------------------------------------------------------------------
-----------------------------------------------------------------------------
| loss/dynamics_holdout_loss | 0.009859357 |
| loss/dynamics_train_loss   | -72.5       |
| timestep                   | 8           |
-----------------------------------------------------------------------------
-----------------------------------------------------------------------------
| loss/dynamics_holdout_loss | 0.008723555 |
| loss/dynamics_train_loss   | -73.2       |
| timestep                   | 9           |
-----------------------------------------------------------------------------
-----------------------------------------------------------------------------
| loss/dynamics_holdout_loss | 0.007592718 |
| loss/dynamics_train_loss   | -73.9       |
| timestep                   | 10          |
-----------------------------------------------------------------------------
------------------------------------------------------------------------------
| loss/dynamics_holdout_loss | 0.0066361865 |
| loss/dynamics_train_loss   | -74.6        |
| timestep                   | 11           |
------------------------------------------------------------------------------
----------------------------------------------------------------------------
| loss/dynamics_holdout_loss | 0.00599854 |
| loss/dynamics_train_loss   | -75.2      |
| timestep                   | 12         |
----------------------------------------------------------------------------
------------------------------------------------------------------------------
| loss/dynamics_holdout_loss | 0.0053476742 |
| loss/dynamics_train_loss   | -75.7        |
| timestep                   | 13           |
------------------------------------------------------------------------------
-----------------------------------------------------------------------------
| loss/dynamics_holdout_loss | 0.004772377 |
| loss/dynamics_train_loss   | -76.2       |
| timestep                   | 14          |
-----------------------------------------------------------------------------
-----------------------------------------------------------------------------
| loss/dynamics_holdout_loss | 0.004454013 |
| loss/dynamics_train_loss   | -76.8       |
| timestep                   | 15          |
-----------------------------------------------------------------------------
------------------------------------------------------------------------------
| loss/dynamics_holdout_loss | 0.0040382864 |
| loss/dynamics_train_loss   | -77.3        |
| timestep                   | 16           |
------------------------------------------------------------------------------
