pybullet build time: Jan 29 2025 23:19:57
Training dynamics:
----------------------------------------------------------------------------
| loss/dynamics_holdout_loss | 0.03325744 |
| loss/dynamics_train_loss   | -50.2      |
| timestep                   | 1          |
----------------------------------------------------------------------------
-----------------------------------------------------------------------------
| loss/dynamics_holdout_loss | 0.024720386 |
| loss/dynamics_train_loss   | -62.5       |
| timestep                   | 2           |
-----------------------------------------------------------------------------
----------------------------------------------------------------------------
| loss/dynamics_holdout_loss | 0.01899686 |
| loss/dynamics_train_loss   | -66.4      |
| timestep                   | 3          |
----------------------------------------------------------------------------
-----------------------------------------------------------------------------
| loss/dynamics_holdout_loss | 0.015743595 |
| loss/dynamics_train_loss   | -68.4       |
| timestep                   | 4           |
-----------------------------------------------------------------------------
-----------------------------------------------------------------------------
| loss/dynamics_holdout_loss | 0.013566276 |
| loss/dynamics_train_loss   | -69.8       |
| timestep                   | 5           |
-----------------------------------------------------------------------------
---------------------------------------------------------------------------
| loss/dynamics_holdout_loss | 0.0115371 |
| loss/dynamics_train_loss   | -70.7     |
| timestep                   | 6         |
---------------------------------------------------------------------------
-----------------------------------------------------------------------------
| loss/dynamics_holdout_loss | 0.009970123 |
| loss/dynamics_train_loss   | -71.6       |
| timestep                   | 7           |
-----------------------------------------------------------------------------
-----------------------------------------------------------------------------
| loss/dynamics_holdout_loss | 0.008515516 |
| loss/dynamics_train_loss   | -72.4       |
| timestep                   | 8           |
-----------------------------------------------------------------------------
------------------------------------------------------------------------------
| loss/dynamics_holdout_loss | 0.0073252926 |
| loss/dynamics_train_loss   | -73.2        |
| timestep                   | 9            |
------------------------------------------------------------------------------
------------------------------------------------------------------------------
| loss/dynamics_holdout_loss | 0.0061885607 |
| loss/dynamics_train_loss   | -73.7        |
| timestep                   | 10           |
------------------------------------------------------------------------------
-----------------------------------------------------------------------------
| loss/dynamics_holdout_loss | 0.005499607 |
| loss/dynamics_train_loss   | -74.4       |
| timestep                   | 11          |
-----------------------------------------------------------------------------
------------------------------------------------------------------------------
| loss/dynamics_holdout_loss | 0.0047964514 |
| loss/dynamics_train_loss   | -75          |
| timestep                   | 12           |
------------------------------------------------------------------------------
------------------------------------------------------------------------------
| loss/dynamics_holdout_loss | 0.0042374264 |
| loss/dynamics_train_loss   | -75.4        |
| timestep                   | 13           |
------------------------------------------------------------------------------
------------------------------------------------------------------------------
| loss/dynamics_holdout_loss | 0.0038162314 |
| loss/dynamics_train_loss   | -75.8        |
| timestep                   | 14           |
------------------------------------------------------------------------------
------------------------------------------------------------------------------
| loss/dynamics_holdout_loss | 0.0034470218 |
| loss/dynamics_train_loss   | -76.5        |
| timestep                   | 15           |
------------------------------------------------------------------------------
