pybullet build time: Jan 29 2025 23:19:57
Gym has been unmainGym has been unmaintained since 2022 and does not support NumPy 2.0 amongst other critical functionality.
Please upgrade to Gymnasium, the maintained drop-in replacement of Gym, or contact the authors of your software and request that they upgrade.
See the migration guide at https://gymnasium.farama.org/introduction/migration_guide/ for additional information.
Warning: All of online environments libraries in D4RL have been moved ]8;;https://github.com/Farama-Foundation/Gymnasium\Gymnasium]8;;\, ]8;;https://github.com/Farama-Foundation/MiniGrid\MiniGrid]8;;\ and ]8;;https://github.com/Farama-Foundation/Gymnasium-Robotics\Gymnasium-Robotics]8;;\, and all offline datasets in D4RL have been moved to ]8;;https://github.com/Farama-Foundation/Minari\Minari]8;;\.
These new versions include large bug fixes, new versions of Python, and are where all new development will continue. Please upgrade these libraries as soon as you're able to do so.
If you'd like to read more about the story behind this switch, please check out ]8;;https://farama.org/Announcing-Minari\this blog post]8;;\.
/home/ubuntu/miniconda3/envs/mobile/lib/python3.8/site-packages/Cython/Distutils/old_build_ext.py:15: DeprecationWarning: dep_util is Deprecated. Use functions from setuptools instead.
  from distutils.dep_util import newer, newer_group
Warning: Flow failed to import. Set the environment variable D4RL_SUPPRESS_IMPORT_ERROR=1 to suppress this message.
No module named 'flow'
/home/ubuntu/miniconda3/envs/mobile/lib/python3.8/site-packages/glfw/__init__.py:917: GLFWError: (65550) b'X11: The DISPLAY environment variable is missing'
  warnings.warn(message, GLFWError)
Warning: CARLA failed to import. Set the environment variable D4RL_SUPPRESS_IMPORT_ERROR=1 to suppress this message.
No module named 'carla'
/home/ubuntu/miniconda3/envs/mobile/lib/python3.8/site-packages/pybullet_envs/env_bases.py:8: DeprecationWarning: pkg_resources is deprecated as an API. See https://setuptools.pypa.io/en/latest/pkg_resources.html
  from pkg_resources import parse_version
/home/ubuntu/miniconda3/envs/mobile/lib/python3.8/site-packages/gym/spaces/box.py:84: UserWarning: [33mWARN: Box bound precision lowered by casting to float32[0m
  logger.warn(f"Box bound precision lowered by casting to {self.dtype}")
/home/ubuntu/miniconda3/envs/mobile/lib/python3.8/site-packages/gym/core.py:172: DeprecationWarning: [33mWARN: Function `env.seed(seed)` is marked as deprecated and will be removed in the future. Please use `env.reset(seed=seed) instead.[0m
  deprecation(
Traceback (most recent call last):
  File "train.py", line 223, in <module>
    train()
  File "train.py", line 212, in train
    dynamics.train(
  File "/home/ubuntu/mobile_abiomed/dynamics/ensemble_dynamics.py", line 163, in train
    train_loss = self.learn(train_inputs[data_idxes], train_targets[data_idxes], batch_size, logvar_loss_coef)
  File "/home/ubuntu/mobile_abiomed/dynamics/ensemble_dynamics.py", line 213, in learn
    mean, logvar = self.model(inputs_batch)
  File "/home/ubuntu/miniconda3/envs/mobile/lib/python3.8/site-packages/torch/nn/modules/module.py", line 1553, in _wrapped_call_impl
    return self._call_impl(*args, **kwargs)
  File "/home/ubuntu/miniconda3/envs/mobile/lib/python3.8/site-packages/torch/nn/modules/module.py", line 1562, in _call_impl
    return forward_call(*args, **kwargs)
  File "/home/ubuntu/mobile_abiomed/models/dynamics_model.py", line 87, in forward
    obs_action = torch.as_tensor(obs_action, dtype=torch.float32).to(self.device)
KeyboardInterrupt
